// Jest Snapshot v1, https://goo.gl/fbAQLP

exports[`render PokemonApp render PokemonApp 1`] = `
Object {
  "asFragment": [Function],
  "baseElement": <body>
    <div>
      <div>
        <h1>
          Pokemon React
        </h1>
        <div
          class="pokemon-react__container"
        >
          <div>
            <div
              class="pokemon-list__container"
            >
              <h2>
                Pokemons List (
                )
              </h2>
              <div>
                Pokemons per page:
                <select
                  class="pokemon-list__pokemons-per-page"
                >
                  <option
                    value="10"
                  >
                    10
                  </option>
                  <option
                    value="20"
                  >
                    20
                  </option>
                  <option
                    value="30"
                  >
                    30
                  </option>
                  <option
                    value="40"
                  >
                    40
                  </option>
                  <option
                    value="50"
                  >
                    50
                  </option>
                </select>
              </div>
              <div
                class="pokemon-list__alert-message"
              >
                Loading...
              </div>
            </div>
          </div>
          <div>
            <div
              class="pokemon-react__pokemon-container"
            />
          </div>
        </div>
      </div>
    </div>
  </body>,
  "container": <div>
    <div>
      <h1>
        Pokemon React
      </h1>
      <div
        class="pokemon-react__container"
      >
        <div>
          <div
            class="pokemon-list__container"
          >
            <h2>
              Pokemons List (
              )
            </h2>
            <div>
              Pokemons per page:
              <select
                class="pokemon-list__pokemons-per-page"
              >
                <option
                  value="10"
                >
                  10
                </option>
                <option
                  value="20"
                >
                  20
                </option>
                <option
                  value="30"
                >
                  30
                </option>
                <option
                  value="40"
                >
                  40
                </option>
                <option
                  value="50"
                >
                  50
                </option>
              </select>
            </div>
            <div
              class="pokemon-list__alert-message"
            >
              Loading...
            </div>
          </div>
        </div>
        <div>
          <div
            class="pokemon-react__pokemon-container"
          />
        </div>
      </div>
    </div>
  </div>,
  "debug": [Function],
  "findAllByAltText": [Function],
  "findAllByDisplayValue": [Function],
  "findAllByLabelText": [Function],
  "findAllByPlaceholderText": [Function],
  "findAllByRole": [Function],
  "findAllByTestId": [Function],
  "findAllByText": [Function],
  "findAllByTitle": [Function],
  "findByAltText": [Function],
  "findByDisplayValue": [Function],
  "findByLabelText": [Function],
  "findByPlaceholderText": [Function],
  "findByRole": [Function],
  "findByTestId": [Function],
  "findByText": [Function],
  "findByTitle": [Function],
  "getAllByAltText": [Function],
  "getAllByDisplayValue": [Function],
  "getAllByLabelText": [Function],
  "getAllByPlaceholderText": [Function],
  "getAllByRole": [Function],
  "getAllByTestId": [Function],
  "getAllByText": [Function],
  "getAllByTitle": [Function],
  "getByAltText": [Function],
  "getByDisplayValue": [Function],
  "getByLabelText": [Function],
  "getByPlaceholderText": [Function],
  "getByRole": [Function],
  "getByTestId": [Function],
  "getByText": [Function],
  "getByTitle": [Function],
  "queryAllByAltText": [Function],
  "queryAllByDisplayValue": [Function],
  "queryAllByLabelText": [Function],
  "queryAllByPlaceholderText": [Function],
  "queryAllByRole": [Function],
  "queryAllByTestId": [Function],
  "queryAllByText": [Function],
  "queryAllByTitle": [Function],
  "queryByAltText": [Function],
  "queryByDisplayValue": [Function],
  "queryByLabelText": [Function],
  "queryByPlaceholderText": [Function],
  "queryByRole": [Function],
  "queryByTestId": [Function],
  "queryByText": [Function],
  "queryByTitle": [Function],
  "rerender": [Function],
  "unmount": [Function],
}
`;
